mode: set
github.com/luigizuccarelli/iotpaas-message-consumer/pkg/validator/validate.go:13.59,17.27 4 1
github.com/luigizuccarelli/iotpaas-message-consumer/pkg/validator/validate.go:25.2,25.12 1 1
github.com/luigizuccarelli/iotpaas-message-consumer/pkg/validator/validate.go:17.27,18.15 1 1
github.com/luigizuccarelli/iotpaas-message-consumer/pkg/validator/validate.go:23.3,23.69 1 1
github.com/luigizuccarelli/iotpaas-message-consumer/pkg/validator/validate.go:18.15,21.4 2 1
github.com/luigizuccarelli/iotpaas-message-consumer/pkg/validator/validate.go:30.50,38.23 2 1
github.com/luigizuccarelli/iotpaas-message-consumer/pkg/validator/validate.go:43.2,43.12 1 1
github.com/luigizuccarelli/iotpaas-message-consumer/pkg/validator/validate.go:38.23,39.54 1 1
github.com/luigizuccarelli/iotpaas-message-consumer/pkg/validator/validate.go:39.54,41.4 1 1
github.com/luigizuccarelli/iotpaas-message-consumer/pkg/handlers/consumer.go:17.42,24.18 5 1
github.com/luigizuccarelli/iotpaas-message-consumer/pkg/handlers/consumer.go:38.2,39.12 2 1
github.com/luigizuccarelli/iotpaas-message-consumer/pkg/handlers/consumer.go:24.18,26.17 2 1
github.com/luigizuccarelli/iotpaas-message-consumer/pkg/handlers/consumer.go:32.3,33.19 2 1
github.com/luigizuccarelli/iotpaas-message-consumer/pkg/handlers/consumer.go:26.17,28.4 1 1
github.com/luigizuccarelli/iotpaas-message-consumer/pkg/handlers/consumer.go:28.9,31.4 1 1
github.com/luigizuccarelli/iotpaas-message-consumer/pkg/handlers/consumer.go:33.19,35.4 1 1
github.com/luigizuccarelli/iotpaas-message-consumer/pkg/handlers/consumer.go:43.66,48.16 2 1
github.com/luigizuccarelli/iotpaas-message-consumer/pkg/handlers/consumer.go:48.16,54.18 4 1
github.com/luigizuccarelli/iotpaas-message-consumer/pkg/handlers/consumer.go:59.3,62.17 4 1
github.com/luigizuccarelli/iotpaas-message-consumer/pkg/handlers/consumer.go:68.3,69.13 2 1
github.com/luigizuccarelli/iotpaas-message-consumer/pkg/handlers/consumer.go:54.18,57.4 2 1
github.com/luigizuccarelli/iotpaas-message-consumer/pkg/handlers/consumer.go:62.17,65.4 2 1
github.com/luigizuccarelli/iotpaas-message-consumer/pkg/handlers/consumer.go:71.8,74.3 2 0
